C:\Users\proye\Documents\MCUXpressoIDE_24.12.148\workspace\frdmrw612_lwip_mqtt_freertos_Practica_2\drivers/fsl_gpio.h:153:20:GPIO_PinWrite	24	static
../source/mqtt_freertos.c:116:13:mqtt_topic_subscribed_cb	24	static
../source/mqtt_freertos.c:133:13:mqtt_incoming_publish_cb	24	static
../source/mqtt_freertos.c:160:13:mqtt_incoming_data_cb	32	static
../source/mqtt_freertos.c:226:13:mqtt_subscribe_topics	48	static
../source/mqtt_freertos.c:254:13:mqtt_connection_cb	32	static
../source/mqtt_freertos.c:300:13:connect_to_mqtt	24	static
../source/mqtt_freertos.c:312:13:mqtt_message_published_cb	24	static
../source/mqtt_freertos.c:329:13:publish_message	96	static
../source/mqtt_freertos.c:346:13:publish_voltage_message	72	static
../source/mqtt_freertos.c:378:13:publish_voltage_status_message	96	static
../source/mqtt_freertos.c:408:13:publish_session_notification	112	static
../source/mqtt_freertos.c:428:13:app_thread	24	static
../source/mqtt_freertos.c:555:13:counter_task	16	static
../source/mqtt_freertos.c:565:13:generate_client_id	56	static
../source/mqtt_freertos.c:625:6:mqtt_freertos_run_thread	24	static
