C:\Users\proye\Documents\MCUXpressoIDE_24.12.148\workspace\frdmrw612_lwip_mqtt_freertos_Practica_2\drivers/fsl_gpio.h:153:20:GPIO_PinWrite	24	static
../source/mqtt_freertos.c:104:13:mqtt_topic_subscribed_cb	24	static
../source/mqtt_freertos.c:121:13:mqtt_incoming_publish_cb	24	static
../source/mqtt_freertos.c:136:13:mqtt_incoming_data_cb	32	static
../source/mqtt_freertos.c:171:13:mqtt_subscribe_topics	48	static
../source/mqtt_freertos.c:199:13:mqtt_connection_cb	32	static
../source/mqtt_freertos.c:245:13:connect_to_mqtt	24	static
../source/mqtt_freertos.c:262:13:mqtt_message_published_cb	24	static
../source/mqtt_freertos.c:279:13:publish_message	96	static
../source/mqtt_freertos.c:298:13:publish_voltage_message	64	static
../source/mqtt_freertos.c:316:13:publish_voltage_status_message	96	static
../source/mqtt_freertos.c:345:13:publish_session_notification	112	static
../source/mqtt_freertos.c:364:13:app_thread	32	static
../source/mqtt_freertos.c:460:13:generate_client_id	56	static
../source/mqtt_freertos.c:520:6:mqtt_freertos_run_thread	24	static
